

@S |Clock Optimization Summary


#### START OF CLOCK OPTIMIZATION REPORT #####[

2 non-gated/non-generated clock tree(s) driving 111 clock pin(s) of sequential element(s)
50 gated/generated clock tree(s) driving 8898 clock pin(s) of sequential element(s)
0 instances converted, 8898 sequential instances remain driven by gated/generated clocks

==================================================================== Non-Gated/Non-Generated Clocks =====================================================================
Clock Tree ID     Driving Element                                             Drive Element Type     Fanout     Sample Instance                                          
-------------------------------------------------------------------------------------------------------------------------------------------------------------------------
@K:CKID0051       THE_MEDIA_UPLINK.gen_serdes_1_200\.THE_SERDES.PCSD_INST     PCSD                   110        THE_MEDIA_UPLINK.THE_BYTE_SWAP_PROC\.fifo_rx_din[0]      
@K:CKID0052       TRIGGER_LEFT                                                port                   1          THE_ENDPOINT.THE_ENDPOINT.THE_LVL1_HANDLER.tmg_edge_async
=========================================================================================================================================================================
=============================================================================================================================================================== Gated/Generated Clocks ===============================================================================================================================================================
Clock Tree ID     Driving Element                                                              Drive Element Type     Fanout     Sample Instance                                                                        Explanation                                                                                                                   
------------------------------------------------------------------------------------------------------------------------------------------------------------------------------------------------------------------------------------------------------------------------------------------------------------------------------------------------------
@K:CKID0001       THE_MAIN_PLL.PLLInst_0                                                       EHXPLLF                8650       THE_RDO\.readout_tx_0\.busy_release                                                    Gating structure creates improper gating logic. See the Gated Clocks description in the user guide for conversion requirements
@K:CKID0002       THE_MAIN_PLL.PLLInst_0                                                       EHXPLLF                96         THE_RESET_HANDLER.async_pulse                                                          Gating structure creates improper gating logic. See the Gated Clocks description in the user guide for conversion requirements
@K:CKID0003       ScatterTriggerring.spsControling.out_sig[18]                                 ORCALUT4               4          ScatterTriggerring.Back_40ns.iretrig.retrigger\[0\]\.retr[0]                           No gated clock conversion method for cell cell:LUCENT.FD1S3BX                                                                 
@K:CKID0004       ScatterTriggerring.spsControling.out_sig[28]                                 ORCALUT4               4          ScatterTriggerring.Back_40ns.iretrig.retrigger\[10\]\.retr[10]                         No gated clock conversion method for cell cell:LUCENT.FD1S3BX                                                                 
@K:CKID0005       ScatterTriggerring.spsControling.out_sig[29]                                 ORCALUT4               4          ScatterTriggerring.Back_40ns.iretrig.retrigger\[11\]\.retr[11]                         No gated clock conversion method for cell cell:LUCENT.FD1S3BX                                                                 
@K:CKID0006       ScatterTriggerring.spsControling.out_sig[30]                                 ORCALUT4               4          ScatterTriggerring.Back_40ns.iretrig.retrigger\[12\]\.retr[12]                         No gated clock conversion method for cell cell:LUCENT.FD1S3BX                                                                 
@K:CKID0007       ScatterTriggerring.spsControling.out_sig[31]                                 ORCALUT4               4          ScatterTriggerring.Back_40ns.iretrig.retrigger\[13\]\.retr[13]                         No gated clock conversion method for cell cell:LUCENT.FD1S3BX                                                                 
@K:CKID0008       ScatterTriggerring.spsControling.out_sig[32]                                 ORCALUT4               4          ScatterTriggerring.Back_40ns.iretrig.retrigger\[14\]\.retr[14]                         No gated clock conversion method for cell cell:LUCENT.FD1S3BX                                                                 
@K:CKID0009       ScatterTriggerring.spsControling.out_sig[33]                                 ORCALUT4               4          ScatterTriggerring.Back_40ns.iretrig.retrigger\[15\]\.retr[15]                         No gated clock conversion method for cell cell:LUCENT.FD1S3BX                                                                 
@K:CKID0010       ScatterTriggerring.spsControling.out_sig[34]                                 ORCALUT4               4          ScatterTriggerring.Back_40ns.iretrig.retrigger\[16\]\.retr[16]                         No gated clock conversion method for cell cell:LUCENT.FD1S3BX                                                                 
@K:CKID0011       ScatterTriggerring.spsControling.out_sig[35]                                 ORCALUT4               4          ScatterTriggerring.Back_40ns.iretrig.retrigger\[17\]\.retr[17]                         No gated clock conversion method for cell cell:LUCENT.FD1S3BX                                                                 
@K:CKID0012       ScatterTriggerring.spsControling.out_sig[36]                                 ORCALUT4               4          ScatterTriggerring.Back_40ns.iretrig.retrigger\[18\]\.retr[18]                         No gated clock conversion method for cell cell:LUCENT.FD1S3BX                                                                 
@K:CKID0013       ScatterTriggerring.spsControling.out_sig[37]                                 ORCALUT4               4          ScatterTriggerring.Back_40ns.iretrig.retrigger\[19\]\.retr[19]                         No gated clock conversion method for cell cell:LUCENT.FD1S3BX                                                                 
@K:CKID0014       ScatterTriggerring.spsControling.out_sig[19]                                 ORCALUT4               4          ScatterTriggerring.Back_40ns.iretrig.retrigger\[1\]\.retr[1]                           No gated clock conversion method for cell cell:LUCENT.FD1S3BX                                                                 
@K:CKID0015       ScatterTriggerring.spsControling.out_sig[38]                                 ORCALUT4               4          ScatterTriggerring.Back_40ns.iretrig.retrigger\[20\]\.retr[20]                         No gated clock conversion method for cell cell:LUCENT.FD1S3BX                                                                 
@K:CKID0016       ScatterTriggerring.spsControling.out_sig[39]                                 ORCALUT4               4          ScatterTriggerring.Back_40ns.iretrig.retrigger\[21\]\.retr[21]                         No gated clock conversion method for cell cell:LUCENT.FD1S3BX                                                                 
@K:CKID0017       ScatterTriggerring.spsControling.out_sig[40]                                 ORCALUT4               4          ScatterTriggerring.Back_40ns.iretrig.retrigger\[22\]\.retr[22]                         No gated clock conversion method for cell cell:LUCENT.FD1S3BX                                                                 
@K:CKID0018       ScatterTriggerring.spsControling.out_sig[41]                                 ORCALUT4               4          ScatterTriggerring.Back_40ns.iretrig.retrigger\[23\]\.retr[23]                         No gated clock conversion method for cell cell:LUCENT.FD1S3BX                                                                 
@K:CKID0019       ScatterTriggerring.spsControling.out_sig[42]                                 ORCALUT4               4          ScatterTriggerring.Back_40ns.iretrig.retrigger\[24\]\.retr[24]                         No gated clock conversion method for cell cell:LUCENT.FD1S3BX                                                                 
@K:CKID0020       ScatterTriggerring.spsControling.out_sig[43]                                 ORCALUT4               4          ScatterTriggerring.Back_40ns.iretrig.retrigger\[25\]\.retr[25]                         No gated clock conversion method for cell cell:LUCENT.FD1S3BX                                                                 
@K:CKID0021       ScatterTriggerring.spsControling.out_sig[44]                                 ORCALUT4               4          ScatterTriggerring.Back_40ns.iretrig.retrigger\[26\]\.retr[26]                         No gated clock conversion method for cell cell:LUCENT.FD1S3BX                                                                 
@K:CKID0022       ScatterTriggerring.spsControling.out_sig[45]                                 ORCALUT4               4          ScatterTriggerring.Back_40ns.iretrig.retrigger\[27\]\.retr[27]                         No gated clock conversion method for cell cell:LUCENT.FD1S3BX                                                                 
@K:CKID0023       ScatterTriggerring.spsControling.out_sig[20]                                 ORCALUT4               4          ScatterTriggerring.Back_40ns.iretrig.retrigger\[2\]\.retr[2]                           No gated clock conversion method for cell cell:LUCENT.FD1S3BX                                                                 
@K:CKID0024       ScatterTriggerring.spsControling.out_sig[21]                                 ORCALUT4               4          ScatterTriggerring.Back_40ns.iretrig.retrigger\[3\]\.retr[3]                           No gated clock conversion method for cell cell:LUCENT.FD1S3BX                                                                 
@K:CKID0025       ScatterTriggerring.spsControling.out_sig[22]                                 ORCALUT4               4          ScatterTriggerring.Back_40ns.iretrig.retrigger\[4\]\.retr[4]                           No gated clock conversion method for cell cell:LUCENT.FD1S3BX                                                                 
@K:CKID0026       ScatterTriggerring.spsControling.out_sig[23]                                 ORCALUT4               4          ScatterTriggerring.Back_40ns.iretrig.retrigger\[5\]\.retr[5]                           No gated clock conversion method for cell cell:LUCENT.FD1S3BX                                                                 
@K:CKID0027       ScatterTriggerring.spsControling.out_sig[24]                                 ORCALUT4               4          ScatterTriggerring.Back_40ns.iretrig.retrigger\[6\]\.retr[6]                           No gated clock conversion method for cell cell:LUCENT.FD1S3BX                                                                 
@K:CKID0028       ScatterTriggerring.spsControling.out_sig[25]                                 ORCALUT4               4          ScatterTriggerring.Back_40ns.iretrig.retrigger\[7\]\.retr[7]                           No gated clock conversion method for cell cell:LUCENT.FD1S3BX                                                                 
@K:CKID0029       ScatterTriggerring.spsControling.out_sig[26]                                 ORCALUT4               4          ScatterTriggerring.Back_40ns.iretrig.retrigger\[8\]\.retr[8]                           No gated clock conversion method for cell cell:LUCENT.FD1S3BX                                                                 
@K:CKID0030       ScatterTriggerring.spsControling.out_sig[27]                                 ORCALUT4               4          ScatterTriggerring.Back_40ns.iretrig.retrigger\[9\]\.retr[9]                           No gated clock conversion method for cell cell:LUCENT.FD1S3BX                                                                 
@K:CKID0031       ScatterTriggerring.And6Trig.GEN_sig.and_back\.1\.andback_loop.OutpC_1[2]     ORCALUT4               2          ScatterTriggerring.Positron_abs.OR_Back_Bars_100ns.iretrig.retrigger\[0\]\.retr[0]     No gated clock conversion method for cell cell:LUCENT.FD1S3BX                                                                 
@K:CKID0032       ScatterTriggerring.ScatTrig.OutpC_1_i_a3_0_RNIFCHD1[1]                       ORCALUT4               2          ScatterTriggerring.Positron_abs.OR_Front_Bars_30ns.iretrig.retrigger\[0\]\.retr[0]     No gated clock conversion method for cell cell:LUCENT.FD1S3BX                                                                 
@K:CKID0033       ScatterTriggerring.spsControling.out_sig[0]                                  ORCALUT4               2          ScatterTriggerring.Front_40ns.iretrig.retrigger\[0\]\.retr[0]                          No gated clock conversion method for cell cell:LUCENT.FD1S3BX                                                                 
@K:CKID0034       ScatterTriggerring.spsControling.out_sig[10]                                 ORCALUT4               2          ScatterTriggerring.Front_40ns.iretrig.retrigger\[10\]\.retr[10]                        No gated clock conversion method for cell cell:LUCENT.FD1S3BX                                                                 
@K:CKID0035       ScatterTriggerring.spsControling.out_sig[11]                                 ORCALUT4               2          ScatterTriggerring.Front_40ns.iretrig.retrigger\[11\]\.retr[11]                        No gated clock conversion method for cell cell:LUCENT.FD1S3BX                                                                 
@K:CKID0036       ScatterTriggerring.spsControling.out_sig[12]                                 ORCALUT4               2          ScatterTriggerring.Front_40ns.iretrig.retrigger\[12\]\.retr[12]                        No gated clock conversion method for cell cell:LUCENT.FD1S3BX                                                                 
@K:CKID0037       ScatterTriggerring.spsControling.out_sig[13]                                 ORCALUT4               2          ScatterTriggerring.Front_40ns.iretrig.retrigger\[13\]\.retr[13]                        No gated clock conversion method for cell cell:LUCENT.FD1S3BX                                                                 
@K:CKID0038       ScatterTriggerring.spsControling.out_sig[14]                                 ORCALUT4               2          ScatterTriggerring.Front_40ns.iretrig.retrigger\[14\]\.retr[14]                        No gated clock conversion method for cell cell:LUCENT.FD1S3BX                                                                 
@K:CKID0039       ScatterTriggerring.spsControling.out_sig[15]                                 ORCALUT4               2          ScatterTriggerring.Front_40ns.iretrig.retrigger\[15\]\.retr[15]                        No gated clock conversion method for cell cell:LUCENT.FD1S3BX                                                                 
@K:CKID0040       ScatterTriggerring.spsControling.out_sig[16]                                 ORCALUT4               2          ScatterTriggerring.Front_40ns.iretrig.retrigger\[16\]\.retr[16]                        No gated clock conversion method for cell cell:LUCENT.FD1S3BX                                                                 
@K:CKID0041       ScatterTriggerring.spsControling.out_sig[17]                                 ORCALUT4               2          ScatterTriggerring.Front_40ns.iretrig.retrigger\[17\]\.retr[17]                        No gated clock conversion method for cell cell:LUCENT.FD1S3BX                                                                 
@K:CKID0042       ScatterTriggerring.spsControling.out_sig[1]                                  ORCALUT4               2          ScatterTriggerring.Front_40ns.iretrig.retrigger\[1\]\.retr[1]                          No gated clock conversion method for cell cell:LUCENT.FD1S3BX                                                                 
@K:CKID0043       ScatterTriggerring.spsControling.out_sig[2]                                  ORCALUT4               2          ScatterTriggerring.Front_40ns.iretrig.retrigger\[2\]\.retr[2]                          No gated clock conversion method for cell cell:LUCENT.FD1S3BX                                                                 
@K:CKID0044       ScatterTriggerring.spsControling.out_sig[3]                                  ORCALUT4               2          ScatterTriggerring.Front_40ns.iretrig.retrigger\[3\]\.retr[3]                          No gated clock conversion method for cell cell:LUCENT.FD1S3BX                                                                 
@K:CKID0045       ScatterTriggerring.spsControling.out_sig[4]                                  ORCALUT4               2          ScatterTriggerring.Front_40ns.iretrig.retrigger\[4\]\.retr[4]                          No gated clock conversion method for cell cell:LUCENT.FD1S3BX                                                                 
@K:CKID0046       ScatterTriggerring.spsControling.out_sig[5]                                  ORCALUT4               2          ScatterTriggerring.Front_40ns.iretrig.retrigger\[5\]\.retr[5]                          No gated clock conversion method for cell cell:LUCENT.FD1S3BX                                                                 
@K:CKID0047       ScatterTriggerring.spsControling.out_sig[6]                                  ORCALUT4               2          ScatterTriggerring.Front_40ns.iretrig.retrigger\[6\]\.retr[6]                          No gated clock conversion method for cell cell:LUCENT.FD1S3BX                                                                 
@K:CKID0048       ScatterTriggerring.spsControling.out_sig[7]                                  ORCALUT4               2          ScatterTriggerring.Front_40ns.iretrig.retrigger\[7\]\.retr[7]                          No gated clock conversion method for cell cell:LUCENT.FD1S3BX                                                                 
@K:CKID0049       ScatterTriggerring.spsControling.out_sig[8]                                  ORCALUT4               2          ScatterTriggerring.Front_40ns.iretrig.retrigger\[8\]\.retr[8]                          No gated clock conversion method for cell cell:LUCENT.FD1S3BX                                                                 
@K:CKID0050       ScatterTriggerring.spsControling.out_sig[9]                                  ORCALUT4               2          ScatterTriggerring.Front_40ns.iretrig.retrigger\[9\]\.retr[9]                          No gated clock conversion method for cell cell:LUCENT.FD1S3BX                                                                 
======================================================================================================================================================================================================================================================================================================================================================


##### END OF CLOCK OPTIMIZATION REPORT ######]

