# Synopsys Constraint Checker(syntax only), version maplat, Build 1796R, built Aug  4 2017
# Copyright (C) 1994-2017 Synopsys, Inc. This Synopsys software and all associated documentation are proprietary to Synopsys, Inc. and may only be used pursuant to the terms and conditions of a written license agreement with Synopsys, Inc. All other use, reproduction, modification, or distribution of the Synopsys software or the associated documentation is strictly prohibited.

# Written on Fri Mar 22 17:09:15 2019


##### DESIGN INFO #######################################################

Top View:                "trb3_periph_blank"
Constraint File(s):      (none)

#Run constraint checker to find more issues with constraints.
#########################################################################



No issues found in constraint syntax.



Clock Summary
*************

          Start                                                                                                     Requested      Requested     Clock                                                    Clock                      Clock
Level     Clock                                                                                                     Frequency      Period        Type                                                     Group                      Load 
------------------------------------------------------------------------------------------------------------------------------------------------------------------------------------------------------------------------------------------
0 -       System                                                                                                    1703.0 MHz     0.587         system                                                   system_clkgroup            1    
                                                                                                                                                                                                                                          
0 -       pll_in200_out100|CLKOP_inferred_clock                                                                     76.3 MHz       13.107        inferred                                                 Autoconstr_clkgroup_0      7866 
                                                                                                                                                                                                                                          
0 -       trb3_periph_blank|CLK_PCLK_RIGHT                                                                          4.2 MHz        240.553       inferred                                                 Autoconstr_clkgroup_1      478  
                                                                                                                                                                                                                                          
0 -       trb3_periph_blank|INP[0]                                                                                  1694.1 MHz     0.590         inferred                                                 Autoconstr_clkgroup_49     186  
                                                                                                                                                                                                                                          
0 -       trb3_periph_blank|INP[1]                                                                                  1694.1 MHz     0.590         inferred                                                 Autoconstr_clkgroup_48     186  
                                                                                                                                                                                                                                          
0 -       trb3_periph_blank|INP[2]                                                                                  1694.1 MHz     0.590         inferred                                                 Autoconstr_clkgroup_47     186  
                                                                                                                                                                                                                                          
0 -       trb3_periph_blank|INP[3]                                                                                  1694.1 MHz     0.590         inferred                                                 Autoconstr_clkgroup_46     186  
                                                                                                                                                                                                                                          
0 -       trb3_periph_blank|INP[4]                                                                                  1694.1 MHz     0.590         inferred                                                 Autoconstr_clkgroup_45     186  
                                                                                                                                                                                                                                          
0 -       trb3_periph_blank|INP[5]                                                                                  1694.1 MHz     0.590         inferred                                                 Autoconstr_clkgroup_44     186  
                                                                                                                                                                                                                                          
0 -       trb3_periph_blank|INP[6]                                                                                  1694.1 MHz     0.590         inferred                                                 Autoconstr_clkgroup_43     186  
                                                                                                                                                                                                                                          
0 -       trb3_periph_blank|INP[7]                                                                                  1694.1 MHz     0.590         inferred                                                 Autoconstr_clkgroup_42     186  
                                                                                                                                                                                                                                          
0 -       trb3_periph_blank|INP[8]                                                                                  1694.1 MHz     0.590         inferred                                                 Autoconstr_clkgroup_41     186  
                                                                                                                                                                                                                                          
0 -       trb3_periph_blank|INP[9]                                                                                  1694.1 MHz     0.590         inferred                                                 Autoconstr_clkgroup_40     186  
                                                                                                                                                                                                                                          
0 -       trb3_periph_blank|INP[10]                                                                                 1694.1 MHz     0.590         inferred                                                 Autoconstr_clkgroup_39     186  
                                                                                                                                                                                                                                          
0 -       trb3_periph_blank|INP[11]                                                                                 1694.1 MHz     0.590         inferred                                                 Autoconstr_clkgroup_38     186  
                                                                                                                                                                                                                                          
0 -       trb3_periph_blank|INP[12]                                                                                 1694.1 MHz     0.590         inferred                                                 Autoconstr_clkgroup_37     186  
                                                                                                                                                                                                                                          
0 -       trb3_periph_blank|INP[13]                                                                                 1694.1 MHz     0.590         inferred                                                 Autoconstr_clkgroup_36     186  
                                                                                                                                                                                                                                          
0 -       trb3_periph_blank|INP[14]                                                                                 1694.1 MHz     0.590         inferred                                                 Autoconstr_clkgroup_35     186  
                                                                                                                                                                                                                                          
0 -       trb3_periph_blank|INP[15]                                                                                 1694.1 MHz     0.590         inferred                                                 Autoconstr_clkgroup_34     186  
                                                                                                                                                                                                                                          
0 -       trb3_periph_blank|INP[16]                                                                                 1694.1 MHz     0.590         inferred                                                 Autoconstr_clkgroup_33     186  
                                                                                                                                                                                                                                          
0 -       trb3_periph_blank|INP[17]                                                                                 1694.1 MHz     0.590         inferred                                                 Autoconstr_clkgroup_32     186  
                                                                                                                                                                                                                                          
0 -       trb3_periph_blank|INP[18]                                                                                 1694.1 MHz     0.590         inferred                                                 Autoconstr_clkgroup_31     186  
                                                                                                                                                                                                                                          
0 -       trb3_periph_blank|INP[19]                                                                                 1694.1 MHz     0.590         inferred                                                 Autoconstr_clkgroup_30     186  
                                                                                                                                                                                                                                          
0 -       trb3_periph_blank|INP[20]                                                                                 1694.1 MHz     0.590         inferred                                                 Autoconstr_clkgroup_29     186  
                                                                                                                                                                                                                                          
0 -       trb3_periph_blank|INP[21]                                                                                 1694.1 MHz     0.590         inferred                                                 Autoconstr_clkgroup_28     186  
                                                                                                                                                                                                                                          
0 -       trb3_periph_blank|INP[22]                                                                                 1694.1 MHz     0.590         inferred                                                 Autoconstr_clkgroup_27     186  
                                                                                                                                                                                                                                          
0 -       trb3_periph_blank|INP[23]                                                                                 1694.1 MHz     0.590         inferred                                                 Autoconstr_clkgroup_26     186  
                                                                                                                                                                                                                                          
0 -       trb3_periph_blank|INP[24]                                                                                 1694.1 MHz     0.590         inferred                                                 Autoconstr_clkgroup_25     186  
                                                                                                                                                                                                                                          
0 -       trb3_periph_blank|INP[25]                                                                                 1694.1 MHz     0.590         inferred                                                 Autoconstr_clkgroup_24     186  
                                                                                                                                                                                                                                          
0 -       trb3_periph_blank|INP[26]                                                                                 1694.1 MHz     0.590         inferred                                                 Autoconstr_clkgroup_23     186  
                                                                                                                                                                                                                                          
0 -       trb3_periph_blank|INP[27]                                                                                 1694.1 MHz     0.590         inferred                                                 Autoconstr_clkgroup_22     186  
                                                                                                                                                                                                                                          
0 -       trb3_periph_blank|INP[28]                                                                                 1694.1 MHz     0.590         inferred                                                 Autoconstr_clkgroup_21     186  
                                                                                                                                                                                                                                          
0 -       trb3_periph_blank|INP[29]                                                                                 1694.1 MHz     0.590         inferred                                                 Autoconstr_clkgroup_20     186  
                                                                                                                                                                                                                                          
0 -       trb3_periph_blank|INP[30]                                                                                 1694.1 MHz     0.590         inferred                                                 Autoconstr_clkgroup_19     186  
                                                                                                                                                                                                                                          
0 -       trb3_periph_blank|INP[31]                                                                                 1694.1 MHz     0.590         inferred                                                 Autoconstr_clkgroup_18     186  
                                                                                                                                                                                                                                          
0 -       sfp_1_200_int_work_trb3_periph_blank_trb3_periph_blank_arch_0layer0|rx_half_clk_ch1_inferred_clock        432.9 MHz      2.310         inferred                                                 Autoconstr_clkgroup_50     110  
                                                                                                                                                                                                                                          
0 -       pll_in200_out100|CLKOK_inferred_clock                                                                     1.0 MHz        1000.000      inferred                                                 Autoconstr_clkgroup_51     30   
1 .         sfp_1_200_int_work_trb3_periph_blank_trb3_periph_blank_arch_0layer0|refclkdiv2_rx_ch1_derived_clock     1.0 MHz        1000.000      derived (from pll_in200_out100|CLKOK_inferred_clock)     Autoconstr_clkgroup_51     35   
1 .         sfp_1_200_int_work_trb3_periph_blank_trb3_periph_blank_arch_0layer0|refclkdiv2_tx_ch_derived_clock      1.0 MHz        1000.000      derived (from pll_in200_out100|CLKOK_inferred_clock)     Autoconstr_clkgroup_51     32   
                                                                                                                                                                                                                                          
0 -       ScatterTrig|fire_inferred_clock                                                                           1694.1 MHz     0.590         inferred                                                 Autoconstr_clkgroup_52     3    
                                                                                                                                                                                                                                          
0 -       trb3_periph_blank|INP[32]                                                                                 1694.1 MHz     0.590         inferred                                                 Autoconstr_clkgroup_17     2    
                                                                                                                                                                                                                                          
0 -       trb3_periph_blank|INP[33]                                                                                 1694.1 MHz     0.590         inferred                                                 Autoconstr_clkgroup_16     2    
                                                                                                                                                                                                                                          
0 -       trb3_periph_blank|INP[34]                                                                                 1694.1 MHz     0.590         inferred                                                 Autoconstr_clkgroup_15     2    
                                                                                                                                                                                                                                          
0 -       trb3_periph_blank|INP[35]                                                                                 1694.1 MHz     0.590         inferred                                                 Autoconstr_clkgroup_14     2    
                                                                                                                                                                                                                                          
0 -       trb3_periph_blank|INP[36]                                                                                 1694.1 MHz     0.590         inferred                                                 Autoconstr_clkgroup_13     2    
                                                                                                                                                                                                                                          
0 -       trb3_periph_blank|INP[37]                                                                                 1694.1 MHz     0.590         inferred                                                 Autoconstr_clkgroup_12     2    
                                                                                                                                                                                                                                          
0 -       trb3_periph_blank|INP[38]                                                                                 1694.1 MHz     0.590         inferred                                                 Autoconstr_clkgroup_11     2    
                                                                                                                                                                                                                                          
0 -       trb3_periph_blank|INP[39]                                                                                 1694.1 MHz     0.590         inferred                                                 Autoconstr_clkgroup_10     2    
                                                                                                                                                                                                                                          
0 -       trb3_periph_blank|INP[40]                                                                                 1694.1 MHz     0.590         inferred                                                 Autoconstr_clkgroup_9      2    
                                                                                                                                                                                                                                          
0 -       trb3_periph_blank|INP[41]                                                                                 1694.1 MHz     0.590         inferred                                                 Autoconstr_clkgroup_8      2    
                                                                                                                                                                                                                                          
0 -       trb3_periph_blank|INP[42]                                                                                 1694.1 MHz     0.590         inferred                                                 Autoconstr_clkgroup_7      2    
                                                                                                                                                                                                                                          
0 -       trb3_periph_blank|INP[43]                                                                                 1694.1 MHz     0.590         inferred                                                 Autoconstr_clkgroup_6      2    
                                                                                                                                                                                                                                          
0 -       trb3_periph_blank|INP[44]                                                                                 1694.1 MHz     0.590         inferred                                                 Autoconstr_clkgroup_5      2    
                                                                                                                                                                                                                                          
0 -       trb3_periph_blank|INP[45]                                                                                 1694.1 MHz     0.590         inferred                                                 Autoconstr_clkgroup_4      2    
                                                                                                                                                                                                                                          
0 -       trb3_periph_blank|INP[46]                                                                                 1807.0 MHz     0.553         inferred                                                 Autoconstr_clkgroup_3      2    
                                                                                                                                                                                                                                          
0 -       trb3_periph_blank|INP[47]                                                                                 1807.0 MHz     0.553         inferred                                                 Autoconstr_clkgroup_2      2    
==========================================================================================================================================================================================================================================
